"17-big.cl", line 1:1, Lexical error: EOF in comment
Compilation halted
